PASS best-ui visual files match baseline or explicit user-requested UI amendments
PASS Cloud init preserves env and shell survives unavailable CloudBase
PASS sample boot and local Import never upload
PASS image validator accepts cloud file IDs but rejects malformed schemes and traversal
PASS photo picker uses a single options object and persists result
PASS Case 1: no-photo Add save, cloud row, store and draft reset
PASS Case 2: one local photo uploaded and fileID persisted
PASS Case 3: multiple photos plus placePhoto preserve slots without path collisions
PASS Case 4: function undeployed keeps Draft, restores Save state, explicit error
PASS Case 5: partial upload failure creates no record; retry reuses completed files
PASS Case 6: repeated Save click creates one row
PASS lost add reply and retry keep the same cloud primary key
PASS Case 7: Home enters three times without duplicates
PASS Case 8: module restart restores cloud cache, fresh cache can restore cloud data
PASS Case 9: failed list leaves cache unchanged
PASS Case 10: sync does not upload seven bundled samples
PASS legacy integrated row maps without inventing two votes or a map location
PASS adapter preserves single rating, tags, geo, flags and integrated extras
PASS local favorites and local deletion survive cloud refresh and storage reload
PASS server rejects fake owner and membership; list is owner isolated
PASS server validates dates, ratings, photo count, scheme and coordinate ranges
PASS server concurrent retries are idempotent
PASS pagination reads more than 50 records, legacy list stays date-descending
PASS Map / Us / Me / Library / detail accept cloud Memory
PASS temp URLs are transient; exported Memory still contains cloud IDs
PASS photo selection cancellation keeps inputs and does not upload
PASS leaving Add during save does not force navigation or lose committed data
PASS storage failure aborts before uploads and preserves in-memory form
PASS concurrent Home refreshes share a single flight
PASS legacy display placeholders never become persisted single votes or coordinates
PASS Tencent picker returns confirmed GCJ-02 coordinates and Add persists them
PASS new Add refuses city-centre placeholder and retains draft
PASS cloud location update is owner-authorized and survives list
PASS Map shows only confirmed real locations and reports records needing correction
PASS Us and Me ambient images react to store changes
PASS Sheet scroll has a definite height and no panel touchmove interception
PASS map pending notice starts collapsed, expands and collapses without cloud writes
PASS restaurant glass is more transparent and actions fit inside the card
PASS locale catalog covers every bound UI key in both languages
PASS language switches immediately without translating personal memory or Draft content
PASS follow-system resolves zh and en while manual selection overrides system
PASS TabBar gets locale/theme labels without business imports or selected-tab hijacking
PASS Settings language picker stores the requested option and renders localized titles
PASS dark palette text contrast remains readable and map veil does not intercept gestures
PASS language preference survives reloading the store module
PASS saved-memory metric excludes samples, deduplicates records and respects shared scope
PASS Me and Us bookmark counts react to store changes, without counting likes as bookmarks
PASS countries are removed from summary UI but remain in the data model and cloud adapter
PASS eight content cards share one transparent material and blur with no per-page overrides
PASS Me is compact with three metrics and readable unchanged small copy
PASS Chinese display fonts use sans fallbacks while Latin/numeral serif and small copy are preserved
PASS personalized page copy is bounded, defaults localize, and user words are never translated
PASS personalization persists atomically, refreshes headings, and preserves photos and records
PASS personalization Sheet keeps drafts during refresh, cancels safely, resets per page, and handles save failures
PASS personalization reloads from existing diary key without a new storage or cloud schema
PASS only Map card height is reduced and Me exposes the scrollable personalization Sheet
PASS Sheet uses measured remaining height, leaves bottom padding, and ignores detached callbacks
PASS Sheet panel clears custom TabBar and its last action can scroll past an end spacer
PASS dark mode has layered charcoal surfaces and desaturated ambient depth without changing photos
PASS Nocturne accents remain limited to interaction and dark fields are inset below the modal
PASS calendar dates cover UTC+8 midnight, leap days, Monday weeks and DST calendar days
PASS Tencent metadata parses the first prefecture city, never retains stale Paris, and allows explicit confirmation
PASS real statistics exclude samples, deduplicate IDs and venues, scope shared meals and calculate this week only
PASS unrated records and nine photos roundtrip without inventing a vote or losing business fields
PASS photo preview opens the selected image and arbitrary thumbnail removal preserves other photos
PASS mutation server enforces owner, field allowlist, revisions and idempotent operation replay
PASS competing mutations cannot silently overwrite each other and legacy revisionless records can migrate
PASS offline flags persist through restart, sequential local mutations rebase only after their own acknowledgment
PASS lost mutation reply retries its durable operation ID without applying a second version
PASS storage failure never optimistically deletes a cloud record or loses its retry intent
PASS offline editing retains draft and uploads, retries without new records and preserves independent scores
PASS conflicting edits stay visible as conflicts until explicit cloud resolution
PASS cloud deletion is an idempotent tombstone, survives fresh sync and retains shared photo files
PASS geographic correction replaces stale metadata and respects the mutation revision
PASS legacy local flags migrate once to the durable outbox without uploading sample records
PASS editing a legacy dual-score memory without touching rating never creates a single score
PASS post-ack edit draft replay clears the draft without writing again
PASS pending mutation snapshots keep local photos referenced during delete and retry
PASS negative and invalid costs fail server validation rather than becoming silent zero values
PASS Add form persists selected city, independent cuisine, per-person cost, dishes and nine photos end-to-end
PASS a delayed list cannot overwrite a newer locally acknowledged mutation
PASS replaying an old Add request after deletion reports deletion instead of resurrecting the meal
PASS repairing a local legacy memory without a rating does not invent a three-star vote
AssertionError [ERR_ASSERTION]: Expected values to be strictly equal:
+ actual - expected

+ 'Local queued note'
- 'Other device note'
    at /home/user/savor-us-food-memories/savor-mp/tools/verify-cloud.cjs:714:12
    at async test (/home/user/savor-us-food-memories/savor-mp/tools/verify-cloud.cjs:9:33)
    at async /home/user/savor-us-food-memories/savor-mp/tools/verify-cloud.cjs:704:3 {
  generatedMessage: true,
  code: 'ERR_ASSERTION',
  actual: 'Local queued note',
  expected: 'Other device note',
  operator: 'strictEqual'
}
